// Jest Snapshot v1, https://goo.gl/fbAQLP

exports[`Snapshot test Comment component matches snapshot 1`] = `
<div
  className="d-flex comment mb-2 justify-content-between"
>
  <div
    className="d-flex"
  >
    <img
      className="avatar-image me-3"
    />
    <div>
      <p
        className="mb-1 fw-light"
      >
        <span
          className="fw-bold me-2"
        />
      </p>
      <div>
        great comment@dylan
      </div>
      <p
        className="mb-1 text-black-50"
      >
        1d
      </p>
    </div>
  </div>
  <div
    className="d-flex align-items-center"
  >
    <svg
      className="mx-2"
      fill="none"
      height="16"
      onClick={[Function]}
      viewBox="0 0 24 24"
      width="16"
      xmlns="http://www.w3.org/2000/svg"
    >
      <path
        d="M21 5.98C17.67 5.65 14.32 5.48 10.98 5.48C9 5.48 7.02 5.58 5.04 5.78L3 5.98"
        stroke="#121212"
        strokeLinecap="round"
        strokeLinejoin="round"
        strokeWidth="1.5"
      />
      <path
        d="M8.5 4.97L8.72 3.66C8.88 2.71 9 2 10.69 2H13.31C15 2 15.13 2.75 15.28 3.67L15.5 4.97"
        stroke="#121212"
        strokeLinecap="round"
        strokeLinejoin="round"
        strokeWidth="1.5"
      />
      <path
        d="M18.85 9.14001L18.2 19.21C18.09 20.78 18 22 15.21 22H8.79C6 22 5.91 20.78 5.8 19.21L5.15 9.14001"
        stroke="#121212"
        strokeLinecap="round"
        strokeLinejoin="round"
        strokeWidth="1.5"
      />
      <path
        d="M10.33 16.5H13.66"
        stroke="#121212"
        strokeLinecap="round"
        strokeLinejoin="round"
        strokeWidth="1.5"
      />
      <path
        d="M9.5 12.5H14.5"
        stroke="#121212"
        strokeLinecap="round"
        strokeLinejoin="round"
        strokeWidth="1.5"
      />
    </svg>
  </div>
</div>
`;
