// Jest Snapshot v1, https://goo.gl/fbAQLP

exports[`Snapshot test LoginTable component matches snapshot 1`] = `
<div
  className="container d-flex flex-column w-25 position-absolute top-50 end-0 translate-middle"
>
  <form
    className="d-flex flex-column"
    onSubmit={[Function]}
  >
    <div
      className="mb-3"
    >
      <h1
        className="text-center"
      >
        Login
      </h1>
      <p
        className="text-center text-black-50"
      >
        Login and Stay connected with
        <br />
        your community
      </p>
    </div>
    <div
      className="form-floating mb-3"
    >
      <input
        className="form-control background-white"
        id="floatingInput"
        name="email"
        placeholder="name@example.com"
        type="email"
      />
      <label
        htmlFor="floatingInput"
      >
        Email address
      </label>
    </div>
    <div
      className="form-floating mb-3"
    >
      <input
        className="form-control background-white"
        id="floatingPassword"
        name="password"
        placeholder="Password"
        type="password"
      />
      <label
        htmlFor="floatingPassword"
      >
        Password
      </label>
    </div>
    <button
      className="btn btn-danger text-light mb-3"
      type="submit"
    >
      Login
    </button>
    <button
      className="btn btn-primary text-light mb-3"
      type="button"
    >
      Login with Google
    </button>
  </form>
  <div
    className="text-center text-black-50 d-flex justify-content-center"
  >
    <p
      className="my-0 me-1"
    >
      Need an account?
    </p>
    <a
      className="text-danger"
      href="/register"
      onClick={[Function]}
    >
      <p>
        Register here!
      </p>
    </a>
  </div>
</div>
`;
