// Jest Snapshot v1, https://goo.gl/fbAQLP

exports[`Snapshot test Post card structure test 1`] = `null`;
