// Jest Snapshot v1, https://goo.gl/fbAQLP

exports[`snapshot test PostPopupView matches snapshot 1`] = `null`;
